// Vitest Snapshot v1, https://vitest.dev/guide/snapshot.html

exports[`compareKeys 1`] = `
{
  "a": 1,
  "b": 2,
  "c": 3,
}
`;

exports[`compareKeys 2`] = `
{
  "a": 3,
  "b": 2,
  "c": 1,
}
`;

exports[`compareKeys 3`] = `
{
  "a": 2,
  "b": 1,
  "c": 3,
}
`;
