{
  "path": "<process-cwd>/fixtures/src/covered.custom-1",
  "statementMap": {
    "0": {
      "start": {
        "line": 1,
        "column": 0
      },
      "end": {
        "line": 1,
        "column": null
      }
    },
    "1": {
      "start": {
        "line": 3,
        "column": 0
      },
      "end": {
        "line": 3,
        "column": null
      }
    }
  },
  "fnMap": {
    "0": {
      "name": "covered",
      "decl": {
        "start": {
          "line": 1,
          "column": 0
        },
        "end": {
          "line": 1,
          "column": null
        }
      },
      "loc": {
        "start": {
          "line": 1,
          "column": 0
        },
        "end": {
          "line": 1,
          "column": null
        }
      }
    },
    "1": {
      "name": "uncovered",
      "decl": {
        "start": {
          "line": 3,
          "column": 0
        },
        "end": {
          "line": 3,
          "column": null
        }
      },
      "loc": {
        "start": {
          "line": 3,
          "column": 0
        },
        "end": {
          "line": 3,
          "column": null
        }
      }
    }
  },
  "branchMap": {},
  "s": {
    "0": 1,
    "1": 0
  },
  "f": {
    "0": 1,
    "1": 0
  },
  "b": {}
}