{
  "<process-cwd>/fixtures/src/pre-transpiled/original.ts": {
    "path": "<process-cwd>/fixtures/src/pre-transpiled/original.ts",
    "all": false,
    "statementMap": {
      "0": {
        "start": {
          "line": 1,
          "column": 0
        },
        "end": {
          "line": 1,
          "column": 41
        }
      },
      "1": {
        "start": {
          "line": 2,
          "column": 0
        },
        "end": {
          "line": 2,
          "column": 12
        }
      },
      "2": {
        "start": {
          "line": 3,
          "column": 0
        },
        "end": {
          "line": 3,
          "column": 16
        }
      },
      "3": {
        "start": {
          "line": 4,
          "column": 0
        },
        "end": {
          "line": 4,
          "column": 11
        }
      },
      "4": {
        "start": {
          "line": 5,
          "column": 0
        },
        "end": {
          "line": 5,
          "column": 3
        }
      },
      "6": {
        "start": {
          "line": 7,
          "column": 0
        },
        "end": {
          "line": 7,
          "column": 12
        }
      },
      "7": {
        "start": {
          "line": 8,
          "column": 0
        },
        "end": {
          "line": 8,
          "column": 9
        }
      },
      "9": {
        "start": {
          "line": 10,
          "column": 0
        },
        "end": {
          "line": 10,
          "column": 18
        }
      },
      "10": {
        "start": {
          "line": 11,
          "column": 0
        },
        "end": {
          "line": 11,
          "column": 16
        }
      },
      "11": {
        "start": {
          "line": 12,
          "column": 0
        },
        "end": {
          "line": 12,
          "column": 11
        }
      },
      "12": {
        "start": {
          "line": 13,
          "column": 0
        },
        "end": {
          "line": 13,
          "column": 3
        }
      },
      "14": {
        "start": {
          "line": 15,
          "column": 0
        },
        "end": {
          "line": 15,
          "column": 26
        }
      },
      "15": {
        "start": {
          "line": 16,
          "column": 0
        },
        "end": {
          "line": 16,
          "column": 14
        }
      },
      "16": {
        "start": {
          "line": 17,
          "column": 0
        },
        "end": {
          "line": 17,
          "column": 11
        }
      },
      "17": {
        "start": {
          "line": 18,
          "column": 0
        },
        "end": {
          "line": 18,
          "column": 3
        }
      },
      "18": {
        "start": {
          "line": 19,
          "column": 0
        },
        "end": {
          "line": 19,
          "column": 2
        }
      },
      "20": {
        "start": {
          "line": 21,
          "column": 0
        },
        "end": {
          "line": 21,
          "column": 18
        }
      }
    },
    "s": {
      "0": 1,
      "1": 1,
      "2": 0,
      "3": 0,
      "4": 0,
      "6": 1,
      "7": 1,
      "9": 1,
      "10": 0,
      "11": 0,
      "12": 0,
      "14": 1,
      "15": 1,
      "16": 1,
      "17": 1,
      "18": 1,
      "20": 2
    },
    "branchMap": {
      "0": {
        "type": "branch",
        "line": 1,
        "loc": {
          "start": {
            "line": 1,
            "column": 21
          },
          "end": {
            "line": 19,
            "column": 2
          }
        },
        "locations": [
          {
            "start": {
              "line": 1,
              "column": 21
            },
            "end": {
              "line": 19,
              "column": 2
            }
          }
        ]
      },
      "1": {
        "type": "branch",
        "line": 2,
        "loc": {
          "start": {
            "line": 2,
            "column": 11
          },
          "end": {
            "line": 5,
            "column": 3
          }
        },
        "locations": [
          {
            "start": {
              "line": 2,
              "column": 11
            },
            "end": {
              "line": 5,
              "column": 3
            }
          }
        ]
      },
      "2": {
        "type": "branch",
        "line": 10,
        "loc": {
          "start": {
            "line": 10,
            "column": 17
          },
          "end": {
            "line": 13,
            "column": 3
          }
        },
        "locations": [
          {
            "start": {
              "line": 10,
              "column": 17
            },
            "end": {
              "line": 13,
              "column": 3
            }
          }
        ]
      },
      "3": {
        "type": "branch",
        "line": 21,
        "loc": {
          "start": {
            "line": 21,
            "column": 0
          },
          "end": {
            "line": 21,
            "column": 18
          }
        },
        "locations": [
          {
            "start": {
              "line": 21,
              "column": 0
            },
            "end": {
              "line": 21,
              "column": 18
            }
          }
        ]
      }
    },
    "b": {
      "0": [
        1
      ],
      "1": [
        0
      ],
      "2": [
        0
      ],
      "3": [
        2
      ]
    },
    "fnMap": {
      "0": {
        "name": "hello",
        "decl": {
          "start": {
            "line": 1,
            "column": 21
          },
          "end": {
            "line": 19,
            "column": 2
          }
        },
        "loc": {
          "start": {
            "line": 1,
            "column": 21
          },
          "end": {
            "line": 19,
            "column": 2
          }
        },
        "line": 1
      },
      "1": {
        "name": "noop",
        "decl": {
          "start": {
            "line": 21,
            "column": 0
          },
          "end": {
            "line": 21,
            "column": 18
          }
        },
        "loc": {
          "start": {
            "line": 21,
            "column": 0
          },
          "end": {
            "line": 21,
            "column": 18
          }
        },
        "line": 21
      }
    },
    "f": {
      "0": 1,
      "1": 2
    }
  }
}