// Vitest Snapshot v1, https://vitest.dev/guide/snapshot.html

exports[`toMatchSnapshot string 1`] = `
"
1111
    xxxx {
    }

"
`;
